[0.214s] [34mcolcon[0m [1;30mDEBUG[0m [32mCommand line arguments: ['/usr/bin/colcon', 'build', '--symlink-install', '--packages-select', 'ros2_test'][0m
[0.214s] [34mcolcon[0m [1;30mDEBUG[0m [32mParsed command line arguments: Namespace(log_base=None, log_level=None, verb_name='build', build_base='build', install_base='install', merge_install=False, symlink_install=True, test_result_base=None, continue_on_error=False, executor='parallel', parallel_workers=8, event_handlers=None, ignore_user_meta=False, metas=['./colcon.meta'], base_paths=['.'], packages_ignore=None, packages_ignore_regex=None, paths=None, packages_up_to=None, packages_up_to_regex=None, packages_above=None, packages_above_and_dependencies=None, packages_above_depth=None, packages_select_by_dep=None, packages_skip_by_dep=None, packages_skip_up_to=None, packages_select_build_failed=False, packages_skip_build_finished=False, packages_select_test_failures=False, packages_skip_test_passed=False, packages_select=['ros2_test'], packages_skip=None, packages_select_regex=None, packages_skip_regex=None, packages_start=None, packages_end=None, allow_overriding=[], cmake_args=None, cmake_target=None, cmake_target_skip_unavailable=False, cmake_clean_cache=False, cmake_clean_first=False, cmake_force_configure=False, ament_cmake_args=None, catkin_cmake_args=None, catkin_skip_building_tests=False, mixin_files=None, mixin=None, verb_parser=<colcon_mixin.mixin.mixin_argument.MixinArgumentDecorator object at 0x79f149f56fb0>, verb_extension=<colcon_core.verb.build.BuildVerb object at 0x79f149f569e0>, main=<bound method BuildVerb.main of <colcon_core.verb.build.BuildVerb object at 0x79f149f569e0>>, mixin_verb=('build',))[0m
[1.168s] [34mcolcon.colcon_core.package_discovery[0m [1;30mLevel 1[0m discover_packages(colcon_meta) check parameters
[1.168s] [34mcolcon.colcon_core.package_discovery[0m [1;30mLevel 1[0m discover_packages(recursive) check parameters
[1.169s] [34mcolcon.colcon_core.package_discovery[0m [1;30mLevel 1[0m discover_packages(ignore) check parameters
[1.169s] [34mcolcon.colcon_core.package_discovery[0m [1;30mLevel 1[0m discover_packages(path) check parameters
[1.169s] [34mcolcon.colcon_core.package_discovery[0m [1;30mLevel 1[0m discover_packages(colcon_meta) discover
[1.169s] [34mcolcon.colcon_core.package_discovery[0m [1;30mLevel 1[0m discover_packages(recursive) discover
[1.169s] [34mcolcon.colcon_core.package_discovery[0m [1;30mINFO[0m Crawling recursively for packages in '/home/rokey/kmg/ros2_ws'
[1.169s] [34mcolcon.colcon_core.package_identification[0m [1;30mLevel 1[0m _identify(.) by extensions ['ignore', 'ignore_ament_install']
[1.169s] [34mcolcon.colcon_core.package_identification[0m [1;30mLevel 1[0m _identify(.) by extension 'ignore'
[1.169s] [34mcolcon.colcon_core.package_identification[0m [1;30mLevel 1[0m _identify(.) by extension 'ignore_ament_install'
[1.169s] [34mcolcon.colcon_core.package_identification[0m [1;30mLevel 1[0m _identify(.) by extensions ['colcon_pkg']
[1.169s] [34mcolcon.colcon_core.package_identification[0m [1;30mLevel 1[0m _identify(.) by extension 'colcon_pkg'
[1.169s] [34mcolcon.colcon_core.package_identification[0m [1;30mLevel 1[0m _identify(.) by extensions ['colcon_meta']
[1.169s] [34mcolcon.colcon_core.package_identification[0m [1;30mLevel 1[0m _identify(.) by extension 'colcon_meta'
[1.169s] [34mcolcon.colcon_core.package_identification[0m [1;30mLevel 1[0m _identify(.) by extensions ['ros']
[1.169s] [34mcolcon.colcon_core.package_identification[0m [1;30mLevel 1[0m _identify(.) by extension 'ros'
[1.196s] [34mcolcon.colcon_core.package_identification[0m [1;30mLevel 1[0m _identify(.) by extensions ['cmake', 'python']
[1.196s] [34mcolcon.colcon_core.package_identification[0m [1;30mLevel 1[0m _identify(.) by extension 'cmake'
[1.196s] [34mcolcon.colcon_core.package_identification[0m [1;30mLevel 1[0m _identify(.) by extension 'python'
[1.196s] [34mcolcon.colcon_core.package_identification[0m [1;30mLevel 1[0m _identify(.) by extensions ['python_setup_py']
[1.196s] [34mcolcon.colcon_core.package_identification[0m [1;30mLevel 1[0m _identify(.) by extension 'python_setup_py'
[1.196s] [34mcolcon.colcon_core.package_identification[0m [1;30mLevel 1[0m _identify(build) by extensions ['ignore', 'ignore_ament_install']
[1.196s] [34mcolcon.colcon_core.package_identification[0m [1;30mLevel 1[0m _identify(build) by extension 'ignore'
[1.196s] [34mcolcon.colcon_core.package_identification[0m [1;30mLevel 1[0m _identify(build) ignored
[1.196s] [34mcolcon.colcon_core.package_identification[0m [1;30mLevel 1[0m _identify(install) by extensions ['ignore', 'ignore_ament_install']
[1.196s] [34mcolcon.colcon_core.package_identification[0m [1;30mLevel 1[0m _identify(install) by extension 'ignore'
[1.196s] [34mcolcon.colcon_core.package_identification[0m [1;30mLevel 1[0m _identify(install) ignored
[1.196s] [34mcolcon.colcon_core.package_identification[0m [1;30mLevel 1[0m _identify(log) by extensions ['ignore', 'ignore_ament_install']
[1.196s] [34mcolcon.colcon_core.package_identification[0m [1;30mLevel 1[0m _identify(log) by extension 'ignore'
[1.196s] [34mcolcon.colcon_core.package_identification[0m [1;30mLevel 1[0m _identify(log) ignored
[1.196s] [34mcolcon.colcon_core.package_identification[0m [1;30mLevel 1[0m _identify(src) by extensions ['ignore', 'ignore_ament_install']
[1.197s] [34mcolcon.colcon_core.package_identification[0m [1;30mLevel 1[0m _identify(src) by extension 'ignore'
[1.197s] [34mcolcon.colcon_core.package_identification[0m [1;30mLevel 1[0m _identify(src) by extension 'ignore_ament_install'
[1.197s] [34mcolcon.colcon_core.package_identification[0m [1;30mLevel 1[0m _identify(src) by extensions ['colcon_pkg']
[1.197s] [34mcolcon.colcon_core.package_identification[0m [1;30mLevel 1[0m _identify(src) by extension 'colcon_pkg'
[1.197s] [34mcolcon.colcon_core.package_identification[0m [1;30mLevel 1[0m _identify(src) by extensions ['colcon_meta']
[1.197s] [34mcolcon.colcon_core.package_identification[0m [1;30mLevel 1[0m _identify(src) by extension 'colcon_meta'
[1.197s] [34mcolcon.colcon_core.package_identification[0m [1;30mLevel 1[0m _identify(src) by extensions ['ros']
[1.197s] [34mcolcon.colcon_core.package_identification[0m [1;30mLevel 1[0m _identify(src) by extension 'ros'
[1.197s] [34mcolcon.colcon_core.package_identification[0m [1;30mLevel 1[0m _identify(src) by extensions ['cmake', 'python']
[1.197s] [34mcolcon.colcon_core.package_identification[0m [1;30mLevel 1[0m _identify(src) by extension 'cmake'
[1.197s] [34mcolcon.colcon_core.package_identification[0m [1;30mLevel 1[0m _identify(src) by extension 'python'
[1.197s] [34mcolcon.colcon_core.package_identification[0m [1;30mLevel 1[0m _identify(src) by extensions ['python_setup_py']
[1.197s] [34mcolcon.colcon_core.package_identification[0m [1;30mLevel 1[0m _identify(src) by extension 'python_setup_py'
[1.197s] [34mcolcon.colcon_core.package_identification[0m [1;30mLevel 1[0m _identify(src/ros2_test) by extensions ['ignore', 'ignore_ament_install']
[1.197s] [34mcolcon.colcon_core.package_identification[0m [1;30mLevel 1[0m _identify(src/ros2_test) by extension 'ignore'
[1.197s] [34mcolcon.colcon_core.package_identification[0m [1;30mLevel 1[0m _identify(src/ros2_test) by extension 'ignore_ament_install'
[1.197s] [34mcolcon.colcon_core.package_identification[0m [1;30mLevel 1[0m _identify(src/ros2_test) by extensions ['colcon_pkg']
[1.197s] [34mcolcon.colcon_core.package_identification[0m [1;30mLevel 1[0m _identify(src/ros2_test) by extension 'colcon_pkg'
[1.197s] [34mcolcon.colcon_core.package_identification[0m [1;30mLevel 1[0m _identify(src/ros2_test) by extensions ['colcon_meta']
[1.197s] [34mcolcon.colcon_core.package_identification[0m [1;30mLevel 1[0m _identify(src/ros2_test) by extension 'colcon_meta'
[1.197s] [34mcolcon.colcon_core.package_identification[0m [1;30mLevel 1[0m _identify(src/ros2_test) by extensions ['ros']
[1.197s] [34mcolcon.colcon_core.package_identification[0m [1;30mLevel 1[0m _identify(src/ros2_test) by extension 'ros'
[1.201s] [34mcolcon.colcon_core.package_identification[0m [1;30mDEBUG[0m [32mPackage 'src/ros2_test' with type 'ros.ament_python' and name 'ros2_test'[0m
[1.201s] [34mcolcon.colcon_core.package_discovery[0m [1;30mLevel 1[0m discover_packages(recursive) using defaults
[1.201s] [34mcolcon.colcon_core.package_discovery[0m [1;30mLevel 1[0m discover_packages(ignore) discover
[1.201s] [34mcolcon.colcon_core.package_discovery[0m [1;30mLevel 1[0m discover_packages(ignore) using defaults
[1.201s] [34mcolcon.colcon_core.package_discovery[0m [1;30mLevel 1[0m discover_packages(path) discover
[1.201s] [34mcolcon.colcon_core.package_discovery[0m [1;30mLevel 1[0m discover_packages(path) using defaults
[1.221s] [34mcolcon.colcon_core.package_discovery[0m [1;30mLevel 1[0m discover_packages(prefix_path) check parameters
[1.221s] [34mcolcon.colcon_core.package_discovery[0m [1;30mLevel 1[0m discover_packages(prefix_path) discover
[1.234s] [34mcolcon.colcon_installed_package_information.package_discovery[0m [1;30mDEBUG[0m [32mFound 27 installed packages in /home/rokey/cobot_ws/install[0m
[1.236s] [34mcolcon.colcon_installed_package_information.package_discovery[0m [1;30mDEBUG[0m [32mFound 544 installed packages in /opt/ros/humble[0m
[1.239s] [34mcolcon.colcon_core.package_discovery[0m [1;30mLevel 1[0m discover_packages(prefix_path) using defaults
[1.326s] [34mcolcon.colcon_core.verb[0m [1;30mLevel 5[0m set package 'ros2_test' build argument 'cmake_args' from command line to 'None'
[1.326s] [34mcolcon.colcon_core.verb[0m [1;30mLevel 5[0m set package 'ros2_test' build argument 'cmake_target' from command line to 'None'
[1.326s] [34mcolcon.colcon_core.verb[0m [1;30mLevel 5[0m set package 'ros2_test' build argument 'cmake_target_skip_unavailable' from command line to 'False'
[1.326s] [34mcolcon.colcon_core.verb[0m [1;30mLevel 5[0m set package 'ros2_test' build argument 'cmake_clean_cache' from command line to 'False'
[1.326s] [34mcolcon.colcon_core.verb[0m [1;30mLevel 5[0m set package 'ros2_test' build argument 'cmake_clean_first' from command line to 'False'
[1.326s] [34mcolcon.colcon_core.verb[0m [1;30mLevel 5[0m set package 'ros2_test' build argument 'cmake_force_configure' from command line to 'False'
[1.326s] [34mcolcon.colcon_core.verb[0m [1;30mLevel 5[0m set package 'ros2_test' build argument 'ament_cmake_args' from command line to 'None'
[1.326s] [34mcolcon.colcon_core.verb[0m [1;30mLevel 5[0m set package 'ros2_test' build argument 'catkin_cmake_args' from command line to 'None'
[1.326s] [34mcolcon.colcon_core.verb[0m [1;30mLevel 5[0m set package 'ros2_test' build argument 'catkin_skip_building_tests' from command line to 'False'
[1.326s] [34mcolcon.colcon_core.verb[0m [1;30mDEBUG[0m [32mBuilding package 'ros2_test' with the following arguments: {'ament_cmake_args': None, 'build_base': '/home/rokey/kmg/ros2_ws/build/ros2_test', 'catkin_cmake_args': None, 'catkin_skip_building_tests': False, 'cmake_args': None, 'cmake_clean_cache': False, 'cmake_clean_first': False, 'cmake_force_configure': False, 'cmake_target': None, 'cmake_target_skip_unavailable': False, 'install_base': '/home/rokey/kmg/ros2_ws/install/ros2_test', 'merge_install': False, 'path': '/home/rokey/kmg/ros2_ws/src/ros2_test', 'symlink_install': True, 'test_result_base': None}[0m
[1.327s] [34mcolcon.colcon_core.executor[0m [1;30mINFO[0m Executing jobs using 'parallel' executor
[1.328s] [34mcolcon.colcon_parallel_executor.executor.parallel[0m [1;30mDEBUG[0m [32mrun_until_complete[0m
[1.328s] [34mcolcon.colcon_ros.task.ament_python.build[0m [1;30mINFO[0m Building ROS package in '/home/rokey/kmg/ros2_ws/src/ros2_test' with build type 'ament_python'
[1.328s] [34mcolcon.colcon_core.shell[0m [1;30mLevel 1[0m create_environment_hook('ros2_test', 'ament_prefix_path')
[1.332s] [34mcolcon.colcon_core.plugin_system[0m [1;30mINFO[0m Skipping extension 'colcon_core.shell.bat': Not used on non-Windows systems
[1.332s] [34mcolcon.colcon_core.shell[0m [1;30mINFO[0m Creating environment hook '/home/rokey/kmg/ros2_ws/install/ros2_test/share/ros2_test/hook/ament_prefix_path.ps1'
[1.333s] [34mcolcon.colcon_core.shell[0m [1;30mINFO[0m Creating environment descriptor '/home/rokey/kmg/ros2_ws/install/ros2_test/share/ros2_test/hook/ament_prefix_path.dsv'
[1.334s] [34mcolcon.colcon_core.shell[0m [1;30mINFO[0m Creating environment hook '/home/rokey/kmg/ros2_ws/install/ros2_test/share/ros2_test/hook/ament_prefix_path.sh'
[1.335s] [34mcolcon.colcon_core.shell[0m [1;30mINFO[0m Skip shell extension 'powershell' for command environment: Not usable outside of PowerShell
[1.335s] [34mcolcon.colcon_core.shell[0m [1;30mDEBUG[0m [32mSkip shell extension 'dsv' for command environment[0m
[1.679s] [34mcolcon.colcon_core.task.python.build[0m [1;30mINFO[0m Building Python package in '/home/rokey/kmg/ros2_ws/src/ros2_test'
[1.680s] [34mcolcon.colcon_core.shell[0m [1;30mINFO[0m Skip shell extension 'powershell' for command environment: Not usable outside of PowerShell
[1.680s] [34mcolcon.colcon_core.shell[0m [1;30mDEBUG[0m [32mSkip shell extension 'dsv' for command environment[0m
[2.184s] [34mcolcon.colcon_core.event_handler.log_command[0m [1;30mDEBUG[0m [32mInvoking command in '/home/rokey/kmg/ros2_ws/build/ros2_test': PYTHONPATH=/home/rokey/kmg/ros2_ws/build/ros2_test/prefix_override:/usr/lib/python3/dist-packages/colcon_core/task/python/colcon_distutils_commands:/home/rokey/kmg/ros2_ws/install/ros2_test/lib/python3.10/site-packages:${PYTHONPATH} /usr/bin/python3 -W ignore:setup.py install is deprecated -W ignore:easy_install command is deprecated setup.py develop --editable --build-directory /home/rokey/kmg/ros2_ws/build/ros2_test/build --no-deps symlink_data[0m
[2.851s] [34mcolcon.colcon_core.shell[0m [1;30mLevel 1[0m create_environment_hook('ros2_test', 'pythonpath_develop')
[2.851s] [34mcolcon.colcon_core.shell[0m [1;30mINFO[0m Creating environment hook '/home/rokey/kmg/ros2_ws/build/ros2_test/share/ros2_test/hook/pythonpath_develop.ps1'
[2.851s] [34mcolcon.colcon_core.event_handler.log_command[0m [1;30mDEBUG[0m [32mInvoked command in '/home/rokey/kmg/ros2_ws/build/ros2_test' returned '0': PYTHONPATH=/home/rokey/kmg/ros2_ws/build/ros2_test/prefix_override:/usr/lib/python3/dist-packages/colcon_core/task/python/colcon_distutils_commands:/home/rokey/kmg/ros2_ws/install/ros2_test/lib/python3.10/site-packages:${PYTHONPATH} /usr/bin/python3 -W ignore:setup.py install is deprecated -W ignore:easy_install command is deprecated setup.py develop --editable --build-directory /home/rokey/kmg/ros2_ws/build/ros2_test/build --no-deps symlink_data[0m
[2.852s] [34mcolcon.colcon_core.shell[0m [1;30mINFO[0m Creating environment descriptor '/home/rokey/kmg/ros2_ws/build/ros2_test/share/ros2_test/hook/pythonpath_develop.dsv'
[2.852s] [34mcolcon.colcon_core.shell[0m [1;30mINFO[0m Creating environment hook '/home/rokey/kmg/ros2_ws/build/ros2_test/share/ros2_test/hook/pythonpath_develop.sh'
[2.859s] [34mcolcon.colcon_core.environment[0m [1;30mLevel 1[0m checking '/home/rokey/kmg/ros2_ws/install/ros2_test' for CMake module files
[2.859s] [34mcolcon.colcon_core.environment[0m [1;30mLevel 1[0m checking '/home/rokey/kmg/ros2_ws/install/ros2_test' for CMake config files
[2.860s] [34mcolcon.colcon_core.environment[0m [1;30mLevel 1[0m checking '/home/rokey/kmg/ros2_ws/install/ros2_test/lib'
[2.860s] [34mcolcon.colcon_core.environment[0m [1;30mLevel 1[0m checking '/home/rokey/kmg/ros2_ws/install/ros2_test/bin'
[2.860s] [34mcolcon.colcon_core.environment[0m [1;30mLevel 1[0m checking '/home/rokey/kmg/ros2_ws/install/ros2_test/lib/pkgconfig/ros2_test.pc'
[2.860s] [34mcolcon.colcon_core.environment[0m [1;30mLevel 1[0m checking '/home/rokey/kmg/ros2_ws/install/ros2_test/lib/python3.10/site-packages'
[2.861s] [34mcolcon.colcon_core.shell[0m [1;30mLevel 1[0m create_environment_hook('ros2_test', 'pythonpath')
[2.861s] [34mcolcon.colcon_core.shell[0m [1;30mINFO[0m Creating environment hook '/home/rokey/kmg/ros2_ws/install/ros2_test/share/ros2_test/hook/pythonpath.ps1'
[2.861s] [34mcolcon.colcon_core.shell[0m [1;30mINFO[0m Creating environment descriptor '/home/rokey/kmg/ros2_ws/install/ros2_test/share/ros2_test/hook/pythonpath.dsv'
[2.862s] [34mcolcon.colcon_core.shell[0m [1;30mINFO[0m Creating environment hook '/home/rokey/kmg/ros2_ws/install/ros2_test/share/ros2_test/hook/pythonpath.sh'
[2.862s] [34mcolcon.colcon_core.environment[0m [1;30mLevel 1[0m checking '/home/rokey/kmg/ros2_ws/install/ros2_test/bin'
[2.862s] [34mcolcon.colcon_core.environment[0m [1;30mLevel 1[0m create_environment_scripts_only(ros2_test)
[2.863s] [34mcolcon.colcon_core.shell[0m [1;30mINFO[0m Creating package script '/home/rokey/kmg/ros2_ws/install/ros2_test/share/ros2_test/package.ps1'
[2.864s] [34mcolcon.colcon_core.shell[0m [1;30mINFO[0m Creating package descriptor '/home/rokey/kmg/ros2_ws/install/ros2_test/share/ros2_test/package.dsv'
[2.864s] [34mcolcon.colcon_core.shell[0m [1;30mINFO[0m Creating package script '/home/rokey/kmg/ros2_ws/install/ros2_test/share/ros2_test/package.sh'
[2.865s] [34mcolcon.colcon_core.shell[0m [1;30mINFO[0m Creating package script '/home/rokey/kmg/ros2_ws/install/ros2_test/share/ros2_test/package.bash'
[2.866s] [34mcolcon.colcon_core.shell[0m [1;30mINFO[0m Creating package script '/home/rokey/kmg/ros2_ws/install/ros2_test/share/ros2_test/package.zsh'
[2.867s] [34mcolcon.colcon_core.environment[0m [1;30mLevel 1[0m create_file_with_runtime_dependencies(/home/rokey/kmg/ros2_ws/install/ros2_test/share/colcon-core/packages/ros2_test)
[2.867s] [34mcolcon.colcon_parallel_executor.executor.parallel[0m [1;30mDEBUG[0m [32mclosing loop[0m
[2.867s] [34mcolcon.colcon_parallel_executor.executor.parallel[0m [1;30mDEBUG[0m [32mloop closed[0m
[2.868s] [34mcolcon.colcon_parallel_executor.executor.parallel[0m [1;30mDEBUG[0m [32mrun_until_complete finished with '0'[0m
[2.868s] [34mcolcon.colcon_core.event_reactor[0m [1;30mDEBUG[0m [32mjoining thread[0m
[2.875s] [34mcolcon.colcon_core.plugin_system[0m [1;30mINFO[0m Skipping extension 'colcon_notification.desktop_notification.terminal_notifier': Not used on non-Darwin systems
[2.876s] [34mcolcon.colcon_core.plugin_system[0m [1;30mINFO[0m Skipping extension 'colcon_notification.desktop_notification.win32': Not used on non-Windows systems
[2.876s] [34mcolcon.colcon_notification.desktop_notification[0m [1;30mINFO[0m Sending desktop notification using 'notify2'
[2.934s] [34mcolcon.colcon_core.event_reactor[0m [1;30mDEBUG[0m [32mjoined thread[0m
[2.935s] [34mcolcon.colcon_core.shell[0m [1;30mINFO[0m Creating prefix script '/home/rokey/kmg/ros2_ws/install/local_setup.ps1'
[2.936s] [34mcolcon.colcon_core.shell[0m [1;30mINFO[0m Creating prefix util module '/home/rokey/kmg/ros2_ws/install/_local_setup_util_ps1.py'
[2.937s] [34mcolcon.colcon_core.shell[0m [1;30mINFO[0m Creating prefix chain script '/home/rokey/kmg/ros2_ws/install/setup.ps1'
[2.941s] [34mcolcon.colcon_core.shell[0m [1;30mINFO[0m Creating prefix script '/home/rokey/kmg/ros2_ws/install/local_setup.sh'
[2.942s] [34mcolcon.colcon_core.shell[0m [1;30mINFO[0m Creating prefix util module '/home/rokey/kmg/ros2_ws/install/_local_setup_util_sh.py'
[2.943s] [34mcolcon.colcon_core.shell[0m [1;30mINFO[0m Creating prefix chain script '/home/rokey/kmg/ros2_ws/install/setup.sh'
[2.946s] [34mcolcon.colcon_core.shell[0m [1;30mINFO[0m Creating prefix script '/home/rokey/kmg/ros2_ws/install/local_setup.bash'
[2.947s] [34mcolcon.colcon_core.shell[0m [1;30mINFO[0m Creating prefix chain script '/home/rokey/kmg/ros2_ws/install/setup.bash'
[2.949s] [34mcolcon.colcon_core.shell[0m [1;30mINFO[0m Creating prefix script '/home/rokey/kmg/ros2_ws/install/local_setup.zsh'
[2.950s] [34mcolcon.colcon_core.shell[0m [1;30mINFO[0m Creating prefix chain script '/home/rokey/kmg/ros2_ws/install/setup.zsh'
